[digitonaut.com/art/magmatic_lava/index.html]
[digitonaut.com/art/machine_dna/index.html]
[digitonaut.com/art/magnetic_field_recreation/index.html]
[backblue.gif]
[fade.gif]
[index.html]
[digitonaut.com/art/mandelbrot-paulofalcao/index.html]
[digitonaut.com/art/mandelbox_sweeper/index.html]
[digitonaut.com/art/machine_dna/shader-web-background.min.js]
[digitonaut.com/art/machine_dna/index.html]
[digitonaut.com/art/mandelbulb/index.html]
[digitonaut.com/art/manta_ray/index.html]
[digitonaut.com/art/many_hallways/index.html]
[digitonaut.com/art/marching_cubes/index.html]
[digitonaut.com/art/mars_jetpack/index.html]
[digitonaut.com/art/mandelbrot_pattern/index.html]
[digitonaut.com/art/mario_vintage/index.html]
[digitonaut.com/art/matrix/index.html]
[digitonaut.com/art/matrix_digital_rain/index.html]
[digitonaut.com/art/matrix_vorocloud/index.html]
[digitonaut.com/art/matroshka/index.html]
[digitonaut.com/art/maze_explorer/index.html]
[digitonaut.com/art/maze_lattice/index.html]
[digitonaut.com/art/megawave/index.html]
[digitonaut.com/art/menger_journey/index.html]
[digitonaut.com/art/mesh_odyssey/index.html]
[digitonaut.com/art/metal_liquid_viscosity/index.html]
[digitonaut.com/art/metal_towers/index.html]
[digitonaut.com/art/metastructure/index.html]
[digitonaut.com/art/minecraft/index.html]
[digitonaut.com/art/mini_abstract/index.html]
[digitonaut.com/art/magmatic_lava/main.js]
[digitonaut.com/art/magmatic_lava/index.html]
[digitonaut.com/art/minkowsky_tube/index.html]
[digitonaut.com/art/mobius_trans_in_hyperspace/index.html]
[digitonaut.com/art/misty_forest/index.html]
[digitonaut.com/art/monster_thing/index.html]
[digitonaut.com/art/more_waves/index.html]
[digitonaut.com/art/magnetic_field_recreation/bcmyD.js]
[digitonaut.com/art/motion_of_a_molecule/index.html]
[digitonaut.com/art/mountain_path/index.html]
[digitonaut.com/art/mountains_and_lakes/index.html]
[digitonaut.com/art/mountains_and_vegetation/index.html]
[digitonaut.com/art/magnetic_field_recreation/codepen-utilities.min.js]
[digitonaut.com/art/mountains/index.html]
[digitonaut.com/art/moving_art/index.html]
[digitonaut.com/art/moving_metal/index.html]
[digitonaut.com/art/magnetic_field_recreation/index.html]
[digitonaut.com/art/multi_plasmatic/index.html]
[digitonaut.com/art/magnetic_field_recreation/script.js]
[digitonaut.com/art/multicolor_lightning/index.html]
[digitonaut.com/art/museum_of_random_planets/index.html]
[digitonaut.com/art/my_name_is_julia/index.html]
[digitonaut.com/art/my_universe/index.html]
[digitonaut.com/art/mandelbox_sweeper/index.html]
[digitonaut.com/art/mykola_art_generator/index.html]
[digitonaut.com/art/mandelbox_sweeper/shader-web-background.min.js]
[digitonaut.com/art/mystery_curves_table/index.html]
[digitonaut.com/art/mystery_mountains/index.html]
[digitonaut.com/art/mandelbrot_pattern/index.html]
[digitonaut.com/art/mandelbrot_pattern/shader-web-background.min.js]
[digitonaut.com/art/mandelbrot-paulofalcao/index.html]
[digitonaut.com/art/mandelbrot-paulofalcao/main.js]
[digitonaut.com/art/mandelbulb/index.html]
[digitonaut.com/art/mandelbulb/shader-web-background.min.js]
[digitonaut.com/art/magmatic_lava/three.min.js]
[digitonaut.com/art/manta_ray/index.html]
[digitonaut.com/art/manta_ray/main.js]
[digitonaut.com/art/many_hallways/main.js]
[digitonaut.com/art/many_hallways/index.html]
[digitonaut.com/art/marching_cubes/shader-web-background.min.js]
[digitonaut.com/art/marching_cubes/index.html]
[digitonaut.com/art/mario_vintage/shader-web-background.min.js]
[digitonaut.com/art/mario_vintage/index.html]
[digitonaut.com/art/mars_jetpack/shader-web-background.min.js]
[digitonaut.com/art/mars_jetpack/ichannel0.png]
[digitonaut.com/art/mars_jetpack/index.html]
[digitonaut.com/art/matrix/index.html]
[digitonaut.com/art/matrix_digital_rain/index.html]
[digitonaut.com/art/matrix_digital_rain/script.js]
[digitonaut.com/art/matrix_vorocloud/shader-web-background.min.js]
[digitonaut.com/art/matrix_vorocloud/index.html]
[digitonaut.com/art/mandelbrot-paulofalcao/three.min.js]
[digitonaut.com/art/matroshka/main.js]
[digitonaut.com/art/matroshka/index.html]
[digitonaut.com/art/maze_explorer/shader-web-background.min.js]
[digitonaut.com/art/maze_explorer/index.html]
[digitonaut.com/art/manta_ray/three.min.js]
[digitonaut.com/art/maze_lattice/index.html]
[digitonaut.com/art/maze_lattice/shader-web-background.min.js]
[digitonaut.com/art/megawave/index.html]
[digitonaut.com/art/many_hallways/three.min.js]
[digitonaut.com/art/megawave/shader-web-background.min.js]
[digitonaut.com/art/menger_journey/index.html]
[digitonaut.com/art/menger_journey/shader-web-background.min.js]
[digitonaut.com/art/matroshka/three.min.js]
[digitonaut.com/art/mesh_odyssey/main.js]
[digitonaut.com/art/mesh_odyssey/index.html]
[digitonaut.com/art/metal_liquid_viscosity/index.html]
[digitonaut.com/art/metal_liquid_viscosity/shader-web-background.min.js]
[digitonaut.com/art/mesh_odyssey/three.min.js]
[digitonaut.com/art/metal_towers/index.html]
[digitonaut.com/art/metal_towers/main.js]
[digitonaut.com/art/metastructure/index.html]
[digitonaut.com/art/metastructure/main.js]
[digitonaut.com/art/minecraft/SimplexNoise.js]
[digitonaut.com/art/minecraft/script.js]
[digitonaut.com/art/minecraft/index.html]
[digitonaut.com/art/mini_abstract/openProcessing.js]
[digitonaut.com/art/minecraft/dat.gui.min.js]
[digitonaut.com/art/metal_towers/three.min.js]
[digitonaut.com/art/mini_abstract/index.html]
[digitonaut.com/art/mini_abstract/script.js]
[digitonaut.com/art/metastructure/three.min.js]
[digitonaut.com/art/minkowsky_tube/index.html]
[digitonaut.com/art/minkowsky_tube/shader-web-background.min.js]
[digitonaut.com/art/misty_forest/openProcessing.js]
[digitonaut.com/art/misty_forest/index.html]
[digitonaut.com/art/misty_forest/script.js]
[digitonaut.com/art/mobius_trans_in_hyperspace/index.html]
[digitonaut.com/art/mobius_trans_in_hyperspace/shader-web-background.min.js]
[digitonaut.com/art/monster_thing/main.js]
[digitonaut.com/art/monster_thing/index.html]
[digitonaut.com/art/more_waves/script.js]
[digitonaut.com/art/more_waves/index.html]
[digitonaut.com/art/motion_of_a_molecule/prefixfree.min.js]
[digitonaut.com/art/motion_of_a_molecule/script.js]
[digitonaut.com/art/motion_of_a_molecule/index.html]
[digitonaut.com/art/mountain_path/shader-web-background.min.js]
[digitonaut.com/art/mountain_path/ichannel0.jpg]
[digitonaut.com/art/monster_thing/three.min.js]
[digitonaut.com/art/mountain_path/index.html]
[digitonaut.com/art/mountains/shader-web-background.min.js]
[digitonaut.com/art/mountains/ichannel0.png]
[digitonaut.com/art/mountains/index.html]
[digitonaut.com/art/mountains_and_lakes/index.html]
[digitonaut.com/art/mountains_and_lakes/main.js]
[digitonaut.com/art/mountains_and_lakes/three.min.js]
[digitonaut.com/art/mountains_and_vegetation/main.js]
[digitonaut.com/art/mountains_and_vegetation/index.html]
[digitonaut.com/art/moving_art/openProcessing.js]
[digitonaut.com/art/mountains_and_vegetation/three.min.js]
[digitonaut.com/art/moving_art/index.html]
[digitonaut.com/art/moving_art/script.js]
[digitonaut.com/art/moving_metal/shader-web-background.min.js]
[digitonaut.com/art/moving_metal/index.html]
[digitonaut.com/art/multi_plasmatic/prefixfree.min.js]
[digitonaut.com/art/multi_plasmatic/script.js]
[digitonaut.com/art/multi_plasmatic/index.html]
[digitonaut.com/art/mini_abstract/p5.js]
[digitonaut.com/art/multicolor_lightning/main.js]
[digitonaut.com/art/multicolor_lightning/index.html]
[digitonaut.com/art/museum_of_random_planets/shader-web-background.min.js]
[digitonaut.com/art/museum_of_random_planets/index.html]
[digitonaut.com/art/my_name_is_julia/shader-web-background.min.js]
[digitonaut.com/art/my_name_is_julia/index.html]
[digitonaut.com/art/my_universe/index.html]
[digitonaut.com/art/my_universe/script.js]
[digitonaut.com/art/multicolor_lightning/three.min.js]
[digitonaut.com/art/mykola_art_generator/index.html]
[digitonaut.com/art/mystery_curves_table/openProcessing.js]
[digitonaut.com/art/misty_forest/p5.js]
[digitonaut.com/art/mykola_art_generator/processing.min.js]
[digitonaut.com/art/mystery_curves_table/index.html]
[digitonaut.com/art/mystery_curves_table/script.js]
[digitonaut.com/art/mystery_mountains/shader-web-background.min.js]
[digitonaut.com/art/mystery_mountains/ichannel0.jpg]
[digitonaut.com/art/mystery_mountains/index.html]
[digitonaut.com/art/magmatic_lava/main.css]
[digitonaut.com/art/magnetic_field_recreation/style.css]
[digitonaut.com/art/mandelbrot-paulofalcao/main.css]
[digitonaut.com/art/manta_ray/main.css]
[digitonaut.com/art/many_hallways/main.css]
[digitonaut.com/art/matrix_digital_rain/style.css]
[digitonaut.com/art/matroshka/main.css]
[digitonaut.com/art/mesh_odyssey/main.css]
[digitonaut.com/art/metal_towers/main.css]
[digitonaut.com/art/metastructure/main.css]
[digitonaut.com/art/minecraft/style.css]
[digitonaut.com/art/monster_thing/main.css]
[digitonaut.com/art/more_waves/style.css]
[digitonaut.com/art/motion_of_a_molecule/style.css]
[digitonaut.com/art/mountains_and_lakes/main.css]
[digitonaut.com/art/mountains_and_vegetation/main.css]
[digitonaut.com/art/moving_art/p5.js]
[digitonaut.com/art/multi_plasmatic/style.css]
[digitonaut.com/art/multicolor_lightning/main.css]
[digitonaut.com/art/my_universe/style.css]
[digitonaut.com/art/mystery_curves_table/p5.js]
